// 重构日志: 1e51eb9f
// 重构日志: ad1483c3
// 重构日志: 17914721
// 重构日志: 8271bb5f
// 重构日志: dcf445d7
// 重构日志: b95da3ab
// 同步 ID: 313c3796 @ Thu Jul 30 15:37:45 UTC 2026
// 重构日志: e1870a40
// 重构日志: e563d65b
// 重构日志: 7ce320be
// 同步 ID: b5d663ee @ Fri Jul 31 12:13:53 UTC 2026
// 重构日志: 8c691213
// 重构日志: 660cf9a2
// 重构日志: 9f02b993
// 同步 ID: 953d458b @ Sat Aug  1 22:31:49 UTC 2026
// 重构日志: feb8560c
// 同步 ID: 95fea948 @ Mon Aug  3 09:33:55 UTC 2026
// 重构日志: 5e02f1c9
// 同步 ID: 37b7e38c @ Tue Aug  4 10:08:05 UTC 2026
// 重构日志: c603c5f3
// 重构日志: bae50eaf
// 重构日志: 0327397a
// 同步 ID: 75288343 @ Thu Aug  6 01:37:58 UTC 2026
// 重构日志: 668d6150
// 重构日志: ae62c979
// 同步 ID: 595fc763 @ Fri Aug  7 06:59:24 UTC 2026
// 同步 ID: bb57fc0c @ Fri Aug  7 08:55:07 UTC 2026
// 重构日志: f4c10bf4
// 重构日志: 87bbb796
// 同步 ID: 37174051 @ Sat Aug  8 03:34:13 UTC 2026
